02-21 14:38:07.964 13566 13594 I TestRunner: started: horizontal_scroll_content_at_first_position(com.example.dogglers.HorizontalListTests)
02-21 14:38:07.966 13566 13594 W Settings: Setting always_finish_activities has moved from android.provider.Settings.System to android.provider.Settings.Global, returning read-only value.
02-21 14:38:07.969   528   546 D EventSequenceValidator: inc AccIntentStartedEvents to 2
02-21 14:38:07.972   528  1569 W InputReader: Device virtio_input_multi_touch_9 is associated with display ADISPLAY_ID_NONE.
02-21 14:38:07.972   528  1569 W InputReader: Device virtio_input_multi_touch_7 is associated with display ADISPLAY_ID_NONE.
02-21 14:38:07.972   528  1569 W InputReader: Device virtio_input_multi_touch_6 is associated with display ADISPLAY_ID_NONE.
02-21 14:38:07.972   528  1569 W InputReader: Device virtio_input_multi_touch_3 is associated with display ADISPLAY_ID_NONE.
02-21 14:38:07.972   528  1569 W InputReader: Device virtio_input_multi_touch_10 is associated with display ADISPLAY_ID_NONE.
02-21 14:38:07.972   528  1569 W InputReader: Device virtio_input_multi_touch_8 is associated with display ADISPLAY_ID_NONE.
02-21 14:38:07.972   528  1569 W InputReader: Device virtio_input_multi_touch_4 is associated with display ADISPLAY_ID_NONE.
02-21 14:38:07.972   528  1569 W InputReader: Device virtio_input_multi_touch_11 is associated with display ADISPLAY_ID_NONE.
02-21 14:38:07.972   528  1569 W InputReader: Device virtio_input_multi_touch_5 is associated with display ADISPLAY_ID_NONE.
02-21 14:38:07.972   528  1569 W InputReader: Device virtio_input_multi_touch_2 is associated with display ADISPLAY_ID_NONE.
02-21 14:38:07.972   528  1569 W InputReader: Device virtio_input_multi_touch_9 is associated with display ADISPLAY_ID_NONE.
02-21 14:38:07.972   528  1569 W InputReader: Device virtio_input_multi_touch_7 is associated with display ADISPLAY_ID_NONE.
02-21 14:38:07.972   528  1569 W InputReader: Device virtio_input_multi_touch_6 is associated with display ADISPLAY_ID_NONE.
02-21 14:38:07.972   528  1569 W InputReader: Device virtio_input_multi_touch_3 is associated with display ADISPLAY_ID_NONE.
02-21 14:38:07.972   528  1569 W InputReader: Device virtio_input_multi_touch_10 is associated with display ADISPLAY_ID_NONE.
02-21 14:38:07.972   528  1569 W InputReader: Device virtio_input_multi_touch_8 is associated with display ADISPLAY_ID_NONE.
02-21 14:38:07.972   528  1569 W InputReader: Device virtio_input_multi_touch_4 is associated with display ADISPLAY_ID_NONE.
02-21 14:38:07.972   528  1569 W InputReader: Device virtio_input_multi_touch_11 is associated with display ADISPLAY_ID_NONE.
02-21 14:38:07.972   528  1569 W InputReader: Device virtio_input_multi_touch_5 is associated with display ADISPLAY_ID_NONE.
02-21 14:38:07.972   528  1569 W InputReader: Device virtio_input_multi_touch_2 is associated with display ADISPLAY_ID_NONE.
02-21 14:38:07.975 13566 13566 D LifecycleMonitor: Lifecycle status change: androidx.test.core.app.InstrumentationActivityInvoker$BootstrapActivity@480ec69 in: PRE_ON_CREATE
02-21 14:38:07.975 13566 13566 V ActivityScenario: Activity lifecycle changed event received but ignored because the intent does not match. startActivityIntent=Intent { act=android.intent.action.MAIN cat=[android.intent.category.LAUNCHER] cmp=com.example.dogglers/.HorizontalListActivity }, activity.getIntent()=Intent { act=android.intent.action.MAIN cat=[android.intent.category.LAUNCHER] flg=0x10008000 cmp=com.example.dogglers/androidx.test.core.app.InstrumentationActivityInvoker$BootstrapActivity (has extras) }, activity=androidx.test.core.app.InstrumentationActivityInvoker$BootstrapActivity@480ec69
02-21 14:38:07.977 13566 13566 D LifecycleMonitor: Lifecycle status change: androidx.test.core.app.InstrumentationActivityInvoker$BootstrapActivity@480ec69 in: CREATED
02-21 14:38:07.977 13566 13566 V ActivityScenario: Activity lifecycle changed event received but ignored because the intent does not match. startActivityIntent=Intent { act=android.intent.action.MAIN cat=[android.intent.category.LAUNCHER] cmp=com.example.dogglers/.HorizontalListActivity }, activity.getIntent()=Intent { act=android.intent.action.MAIN cat=[android.intent.category.LAUNCHER] flg=0x10008000 cmp=com.example.dogglers/androidx.test.core.app.InstrumentationActivityInvoker$BootstrapActivity (has extras) }, activity=androidx.test.core.app.InstrumentationActivityInvoker$BootstrapActivity@480ec69
02-21 14:38:07.978 13566 13566 D LifecycleMonitor: Lifecycle status change: androidx.test.core.app.InstrumentationActivityInvoker$BootstrapActivity@480ec69 in: STARTED
02-21 14:38:07.978 13566 13566 V ActivityScenario: Activity lifecycle changed event received but ignored because the intent does not match. startActivityIntent=Intent { act=android.intent.action.MAIN cat=[android.intent.category.LAUNCHER] cmp=com.example.dogglers/.HorizontalListActivity }, activity.getIntent()=Intent { act=android.intent.action.MAIN cat=[android.intent.category.LAUNCHER] flg=0x10008000 cmp=com.example.dogglers/androidx.test.core.app.InstrumentationActivityInvoker$BootstrapActivity (has extras) }, activity=androidx.test.core.app.InstrumentationActivityInvoker$BootstrapActivity@480ec69
02-21 14:38:07.979 13566 13566 D LifecycleMonitor: Lifecycle status change: androidx.test.core.app.InstrumentationActivityInvoker$BootstrapActivity@480ec69 in: RESUMED
02-21 14:38:07.979 13566 13566 V ActivityScenario: Activity lifecycle changed event received but ignored because the intent does not match. startActivityIntent=Intent { act=android.intent.action.MAIN cat=[android.intent.category.LAUNCHER] cmp=com.example.dogglers/.HorizontalListActivity }, activity.getIntent()=Intent { act=android.intent.action.MAIN cat=[android.intent.category.LAUNCHER] flg=0x10008000 cmp=com.example.dogglers/androidx.test.core.app.InstrumentationActivityInvoker$BootstrapActivity (has extras) }, activity=androidx.test.core.app.InstrumentationActivityInvoker$BootstrapActivity@480ec69
02-21 14:38:07.980 13566 13566 D LifecycleMonitor: Lifecycle status change: androidx.test.core.app.InstrumentationActivityInvoker$BootstrapActivity@480ec69 in: PAUSED
02-21 14:38:07.980 13566 13566 V ActivityScenario: Activity lifecycle changed event received but ignored because the intent does not match. startActivityIntent=Intent { act=android.intent.action.MAIN cat=[android.intent.category.LAUNCHER] cmp=com.example.dogglers/.HorizontalListActivity }, activity.getIntent()=Intent { act=android.intent.action.MAIN cat=[android.intent.category.LAUNCHER] flg=0x10008000 cmp=com.example.dogglers/androidx.test.core.app.InstrumentationActivityInvoker$BootstrapActivity (has extras) }, activity=androidx.test.core.app.InstrumentationActivityInvoker$BootstrapActivity@480ec69
02-21 14:38:07.980   528   996 W InputReader: Device virtio_input_multi_touch_9 is associated with display ADISPLAY_ID_NONE.
02-21 14:38:07.980   528   996 W InputReader: Device virtio_input_multi_touch_7 is associated with display ADISPLAY_ID_NONE.
02-21 14:38:07.980   528   996 W InputReader: Device virtio_input_multi_touch_6 is associated with display ADISPLAY_ID_NONE.
02-21 14:38:07.980   528   996 W InputReader: Device virtio_input_multi_touch_3 is associated with display ADISPLAY_ID_NONE.
02-21 14:38:07.980   528   996 W InputReader: Device virtio_input_multi_touch_10 is associated with display ADISPLAY_ID_NONE.
02-21 14:38:07.980   528   996 W InputReader: Device virtio_input_multi_touch_8 is associated with display ADISPLAY_ID_NONE.
02-21 14:38:07.980   528   996 W InputReader: Device virtio_input_multi_touch_4 is associated with display ADISPLAY_ID_NONE.
02-21 14:38:07.980   528   996 W InputReader: Device virtio_input_multi_touch_11 is associated with display ADISPLAY_ID_NONE.
02-21 14:38:07.980   528   996 W InputReader: Device virtio_input_multi_touch_5 is associated with display ADISPLAY_ID_NONE.
02-21 14:38:07.980   528   996 W InputReader: Device virtio_input_multi_touch_2 is associated with display ADISPLAY_ID_NONE.
02-21 14:38:07.980   528   996 W InputReader: Device virtio_input_multi_touch_9 is associated with display ADISPLAY_ID_NONE.
02-21 14:38:07.980   528   996 W InputReader: Device virtio_input_multi_touch_7 is associated with display ADISPLAY_ID_NONE.
02-21 14:38:07.980   528   996 W InputReader: Device virtio_input_multi_touch_6 is associated with display ADISPLAY_ID_NONE.
02-21 14:38:07.980   528   996 W InputReader: Device virtio_input_multi_touch_3 is associated with display ADISPLAY_ID_NONE.
02-21 14:38:07.980   528   996 W InputReader: Device virtio_input_multi_touch_10 is associated with display ADISPLAY_ID_NONE.
02-21 14:38:07.980   528   996 W InputReader: Device virtio_input_multi_touch_8 is associated with display ADISPLAY_ID_NONE.
02-21 14:38:07.980   528   996 W InputReader: Device virtio_input_multi_touch_4 is associated with display ADISPLAY_ID_NONE.
02-21 14:38:07.980   528   996 W InputReader: Device virtio_input_multi_touch_11 is associated with display ADISPLAY_ID_NONE.
02-21 14:38:07.980   528   996 W InputReader: Device virtio_input_multi_touch_5 is associated with display ADISPLAY_ID_NONE.
02-21 14:38:07.980   528   996 W InputReader: Device virtio_input_multi_touch_2 is associated with display ADISPLAY_ID_NONE.
02-21 14:38:07.983 13566 13566 D LifecycleMonitor: Lifecycle status change: com.example.dogglers.HorizontalListActivity@918bdab in: PRE_ON_CREATE
02-21 14:38:07.983 13566 13566 V ActivityScenario: Activity lifecycle changed event received but ignored because the reported transition was not ON_CREATE while the last known transition was PRE_ON_CREATE
02-21 14:38:07.984   307 12313 D goldfish-address-space: claimShared: Ask to claim region [0x3ed209000 0x3edb6e000]
02-21 14:38:07.990 13566 13566 D LifecycleMonitor: Lifecycle status change: com.example.dogglers.HorizontalListActivity@918bdab in: CREATED
02-21 14:38:07.990 13566 13566 V ActivityScenario: Update currentActivityStage to CREATED, currentActivity=com.example.dogglers.HorizontalListActivity@918bdab
02-21 14:38:07.991 13566 13566 D LifecycleMonitor: Lifecycle status change: com.example.dogglers.HorizontalListActivity@918bdab in: STARTED
02-21 14:38:07.991 13566 13566 V ActivityScenario: Update currentActivityStage to STARTED, currentActivity=com.example.dogglers.HorizontalListActivity@918bdab
02-21 14:38:07.991 13566 13566 D LifecycleMonitor: Lifecycle status change: com.example.dogglers.HorizontalListActivity@918bdab in: RESUMED
02-21 14:38:07.991 13566 13566 V ActivityScenario: Update currentActivityStage to RESUMED, currentActivity=com.example.dogglers.HorizontalListActivity@918bdab
02-21 14:38:08.008   307 12313 D goldfish-address-space: claimShared: Ask to claim region [0x3f29ce000 0x3f3333000]
02-21 14:38:08.009   307 12313 D goldfish-address-space: claimShared: Ask to claim region [0x3f4ae4000 0x3f5449000]
02-21 14:38:08.009   307 12313 D goldfish-address-space: claimShared: Ask to claim region [0x3f5a4c000 0x3f63b1000]
02-21 14:38:08.020 13566 13566 D RootViewPicker: Root not ready - waiting: 10ms for one to appear.
02-21 14:38:08.022   528   551 D ArtManagerInternalImpl: /data/misc/iorapd/com.example.dogglers/1/com.example.dogglers.HorizontalListActivity/compiled_traces/compiled_trace.pb doesn't exist
02-21 14:38:08.022   528   551 I ActivityTaskManager: Displayed com.example.dogglers/.HorizontalListActivity: +52ms
02-21 14:38:08.023 13566 13566 D LifecycleMonitor: Lifecycle status change: androidx.test.core.app.InstrumentationActivityInvoker$BootstrapActivity@480ec69 in: STOPPED
02-21 14:38:08.023 13566 13566 V ActivityScenario: Activity lifecycle changed event received but ignored because the intent does not match. startActivityIntent=Intent { act=android.intent.action.MAIN cat=[android.intent.category.LAUNCHER] cmp=com.example.dogglers/.HorizontalListActivity }, activity.getIntent()=Intent { act=android.intent.action.MAIN cat=[android.intent.category.LAUNCHER] flg=0x10008000 cmp=com.example.dogglers/androidx.test.core.app.InstrumentationActivityInvoker$BootstrapActivity (has extras) }, activity=androidx.test.core.app.InstrumentationActivityInvoker$BootstrapActivity@480ec69
02-21 14:38:08.023   528   546 D EventSequenceValidator: dec AccIntentStartedEvents to 1
02-21 14:38:08.028 25718 11714 I PBSessionCacheImpl: (REDACTED) Deleted sessionId[%d] from persistence.
02-21 14:38:08.029 25718 25806 W SearchServiceCore: Abort, client detached.
02-21 14:38:08.030 13566 13566 D RootViewPicker: Root not ready - waiting: 25ms for one to appear.
02-21 14:38:08.056 13566 13566 I ViewInteraction: Checking 'MatchesViewAssertion{viewMatcher=(view has effective visibility <VISIBLE> and view.getGlobalVisibleRect() to return non-empty rectangle)}' assertion on view an instance of android.widget.TextView and view.getText() with or without transformation to match: is "Tzeitel"
02-21 14:38:08.057 13566 13566 I ViewInteraction: Checking 'MatchesViewAssertion{viewMatcher=(view has effective visibility <VISIBLE> and view.getGlobalVisibleRect() to return non-empty rectangle)}' assertion on view an instance of android.widget.TextView and view.getText() with or without transformation to match: is "Age: 7"
02-21 14:38:08.057 13566 13566 I ViewInteraction: Checking 'MatchesViewAssertion{viewMatcher=(view has effective visibility <VISIBLE> and view.getGlobalVisibleRect() to return non-empty rectangle)}' assertion on view an instance of android.widget.TextView and view.getText() with or without transformation to match: is "Hobbies: sunbathing"
02-21 14:38:08.123 13566 13582 W System  : A resource failed to call dispose.
02-21 14:38:08.128 13566 13582 I chatty  : uid=10169(com.example.dogglers) FinalizerDaemon identical 1 line
02-21 14:38:08.132 13566 13582 W System  : A resource failed to call dispose.
02-21 14:38:08.136 13566 13582 W System  : A resource failed to call release.
02-21 14:38:08.137 13566 13582 W System  : A resource failed to call dispose.
02-21 14:38:08.137 13566 13582 W System  : A resource failed to call release.
02-21 14:38:08.138 13566 13582 W System  : A resource failed to call dispose.
02-21 14:38:08.138 13566 13582 W System  : A resource failed to call release.
02-21 14:38:08.142 13566 13582 W System  : A resource failed to call dispose.
02-21 14:38:08.142 13566 13582 W System  : A resource failed to call release.
02-21 14:38:08.145 13566 13582 W System  : A resource failed to call dispose.
02-21 14:38:08.145 13566 13582 W System  : A resource failed to call release.
02-21 14:38:08.145 13566 13582 W System  : A resource failed to call release.
02-21 14:38:08.148 13566 13582 W System  : A resource failed to call dispose.
02-21 14:38:08.148 13566 13582 W System  : A resource failed to call release.
02-21 14:38:08.148 13566 13582 W System  : A resource failed to call release.
02-21 14:38:08.152  1301  1353 I PeriodicStatsRunner: PeriodicStatsRunner.call():180 call()
02-21 14:38:08.152  1301  1353 I PeriodicStatsRunner: PeriodicStatsRunner.call():184 No submit PeriodicStats since input started.
02-21 14:38:08.156 13566 13582 W System  : A resource failed to call dispose.
02-21 14:38:08.157 13566 13582 W System  : A resource failed to call release.
02-21 14:38:08.157 13566 13582 W System  : A resource failed to call release.
02-21 14:38:08.160 13566 13582 W System  : A resource failed to call dispose.
02-21 14:38:08.160 13566 13582 W System  : A resource failed to call release.
02-21 14:38:08.163 13566 13582 W System  : A resource failed to call dispose.
02-21 14:38:08.166 13566 13582 W System  : A resource failed to call dispose.
02-21 14:38:08.167 13566 13582 W System  : A resource failed to call release.
02-21 14:38:08.172 13566 13582 W System  : A resource failed to call dispose.
02-21 14:38:08.175 13566 13566 I ViewInteraction: Checking 'MatchesViewAssertion{viewMatcher=(view has effective visibility <VISIBLE> and view.getGlobalVisibleRect() to return non-empty rectangle)}' assertion on view has drawable resource 2131165345
02-21 14:38:08.178   528   546 D EventSequenceValidator: inc AccIntentStartedEvents to 2
02-21 14:38:08.180   528   546 D EventSequenceValidator: dec AccIntentStartedEvents to 1
02-21 14:38:08.180 13566 13566 D LifecycleMonitor: Lifecycle status change: com.example.dogglers.HorizontalListActivity@918bdab in: PAUSED
02-21 14:38:08.180 13566 13566 V ActivityScenario: Update currentActivityStage to PAUSED, currentActivity=com.example.dogglers.HorizontalListActivity@918bdab
02-21 14:38:08.181   528  2316 W InputReader: Device virtio_input_multi_touch_9 is associated with display ADISPLAY_ID_NONE.
02-21 14:38:08.181   528  2316 W InputReader: Device virtio_input_multi_touch_7 is associated with display ADISPLAY_ID_NONE.
02-21 14:38:08.181   528  2316 W InputReader: Device virtio_input_multi_touch_6 is associated with display ADISPLAY_ID_NONE.
02-21 14:38:08.181   528  2316 W InputReader: Device virtio_input_multi_touch_3 is associated with display ADISPLAY_ID_NONE.
02-21 14:38:08.181   528  2316 W InputReader: Device virtio_input_multi_touch_10 is associated with display ADISPLAY_ID_NONE.
02-21 14:38:08.181   528  2316 W InputReader: Device virtio_input_multi_touch_8 is associated with display ADISPLAY_ID_NONE.
02-21 14:38:08.181   528  2316 W InputReader: Device virtio_input_multi_touch_4 is associated with display ADISPLAY_ID_NONE.
02-21 14:38:08.181   528  2316 W InputReader: Device virtio_input_multi_touch_11 is associated with display ADISPLAY_ID_NONE.
02-21 14:38:08.181   528  2316 W InputReader: Device virtio_input_multi_touch_5 is associated with display ADISPLAY_ID_NONE.
02-21 14:38:08.181   528  2316 W InputReader: Device virtio_input_multi_touch_2 is associated with display ADISPLAY_ID_NONE.
02-21 14:38:08.181   528  2316 W InputReader: Device virtio_input_multi_touch_9 is associated with display ADISPLAY_ID_NONE.
02-21 14:38:08.181   528  2316 W InputReader: Device virtio_input_multi_touch_7 is associated with display ADISPLAY_ID_NONE.
02-21 14:38:08.181   528  2316 W InputReader: Device virtio_input_multi_touch_6 is associated with display ADISPLAY_ID_NONE.
02-21 14:38:08.181   528  2316 W InputReader: Device virtio_input_multi_touch_3 is associated with display ADISPLAY_ID_NONE.
02-21 14:38:08.181   528  2316 W InputReader: Device virtio_input_multi_touch_10 is associated with display ADISPLAY_ID_NONE.
02-21 14:38:08.181   528  2316 W InputReader: Device virtio_input_multi_touch_8 is associated with display ADISPLAY_ID_NONE.
02-21 14:38:08.181   528  2316 W InputReader: Device virtio_input_multi_touch_4 is associated with display ADISPLAY_ID_NONE.
02-21 14:38:08.181   528  2316 W InputReader: Device virtio_input_multi_touch_11 is associated with display ADISPLAY_ID_NONE.
02-21 14:38:08.181   528  2316 W InputReader: Device virtio_input_multi_touch_5 is associated with display ADISPLAY_ID_NONE.
02-21 14:38:08.181   528  2316 W InputReader: Device virtio_input_multi_touch_2 is associated with display ADISPLAY_ID_NONE.
02-21 14:38:08.185 13566 13566 D LifecycleMonitor: Lifecycle status change: androidx.test.core.app.InstrumentationActivityInvoker$EmptyActivity@ed0b82d in: PRE_ON_CREATE
02-21 14:38:08.185 13566 13566 V ActivityScenario: Activity lifecycle changed event received but ignored because the intent does not match. startActivityIntent=Intent { act=android.intent.action.MAIN cat=[android.intent.category.LAUNCHER] cmp=com.example.dogglers/.HorizontalListActivity }, activity.getIntent()=Intent { act=android.intent.action.MAIN cat=[android.intent.category.LAUNCHER] flg=0x10000000 cmp=com.example.dogglers/androidx.test.core.app.InstrumentationActivityInvoker$EmptyActivity }, activity=androidx.test.core.app.InstrumentationActivityInvoker$EmptyActivity@ed0b82d
02-21 14:38:08.187 13566 13566 D LifecycleMonitor: Lifecycle status change: androidx.test.core.app.InstrumentationActivityInvoker$EmptyActivity@ed0b82d in: CREATED
02-21 14:38:08.187 13566 13566 V ActivityScenario: Activity lifecycle changed event received but ignored because the intent does not match. startActivityIntent=Intent { act=android.intent.action.MAIN cat=[android.intent.category.LAUNCHER] cmp=com.example.dogglers/.HorizontalListActivity }, activity.getIntent()=Intent { act=android.intent.action.MAIN cat=[android.intent.category.LAUNCHER] flg=0x10000000 cmp=com.example.dogglers/androidx.test.core.app.InstrumentationActivityInvoker$EmptyActivity }, activity=androidx.test.core.app.InstrumentationActivityInvoker$EmptyActivity@ed0b82d
02-21 14:38:08.188 13566 13566 D LifecycleMonitor: Lifecycle status change: androidx.test.core.app.InstrumentationActivityInvoker$EmptyActivity@ed0b82d in: STARTED
02-21 14:38:08.188 13566 13566 V ActivityScenario: Activity lifecycle changed event received but ignored because the intent does not match. startActivityIntent=Intent { act=android.intent.action.MAIN cat=[android.intent.category.LAUNCHER] cmp=com.example.dogglers/.HorizontalListActivity }, activity.getIntent()=Intent { act=android.intent.action.MAIN cat=[android.intent.category.LAUNCHER] flg=0x10000000 cmp=com.example.dogglers/androidx.test.core.app.InstrumentationActivityInvoker$EmptyActivity }, activity=androidx.test.core.app.InstrumentationActivityInvoker$EmptyActivity@ed0b82d
02-21 14:38:08.188 13566 13566 D LifecycleMonitor: Lifecycle status change: androidx.test.core.app.InstrumentationActivityInvoker$EmptyActivity@ed0b82d in: RESUMED
02-21 14:38:08.188 13566 13566 V ActivityScenario: Activity lifecycle changed event received but ignored because the intent does not match. startActivityIntent=Intent { act=android.intent.action.MAIN cat=[android.intent.category.LAUNCHER] cmp=com.example.dogglers/.HorizontalListActivity }, activity.getIntent()=Intent { act=android.intent.action.MAIN cat=[android.intent.category.LAUNCHER] flg=0x10000000 cmp=com.example.dogglers/androidx.test.core.app.InstrumentationActivityInvoker$EmptyActivity }, activity=androidx.test.core.app.InstrumentationActivityInvoker$EmptyActivity@ed0b82d
02-21 14:38:08.203   307 12313 D goldfish-address-space: claimShared: Ask to claim region [0x3f0000000 0x3f0965000]
02-21 14:38:08.205   307 12313 D goldfish-address-space: claimShared: Ask to claim region [0x3f8000000 0x3f8965000]
02-21 14:38:08.205   307 12313 D goldfish-address-space: claimShared: Ask to claim region [0x3fa774000 0x3fb0d9000]
02-21 14:38:08.207   528   551 I ActivityTaskManager: Displayed com.example.dogglers/androidx.test.core.app.InstrumentationActivityInvoker$EmptyActivity: +29ms
02-21 14:38:08.209   528   546 D EventSequenceValidator: inc AccIntentStartedEvents to 2
02-21 14:38:08.211   528   546 D EventSequenceValidator: dec AccIntentStartedEvents to 1
02-21 14:38:08.219 13566 13566 D LifecycleMonitor: Lifecycle status change: com.example.dogglers.HorizontalListActivity@918bdab in: STOPPED
02-21 14:38:08.219 13566 13566 V ActivityScenario: Update currentActivityStage to STOPPED, currentActivity=com.example.dogglers.HorizontalListActivity@918bdab
02-21 14:38:08.219 13566 13566 D LifecycleMonitor: Lifecycle status change: com.example.dogglers.HorizontalListActivity@918bdab in: DESTROYED
02-21 14:38:08.219 13566 13566 V ActivityScenario: Update currentActivityStage to DESTROYED, currentActivity=null
02-21 14:38:08.223 13566 13566 D LifecycleMonitor: Lifecycle status change: androidx.test.core.app.InstrumentationActivityInvoker$EmptyActivity@ed0b82d in: PAUSED
02-21 14:38:08.223 13566 13566 V ActivityScenario: Activity lifecycle changed event received but ignored because the intent does not match. startActivityIntent=Intent { act=android.intent.action.MAIN cat=[android.intent.category.LAUNCHER] cmp=com.example.dogglers/.HorizontalListActivity }, activity.getIntent()=Intent { act=android.intent.action.MAIN cat=[android.intent.category.LAUNCHER] flg=0x10000000 cmp=com.example.dogglers/androidx.test.core.app.InstrumentationActivityInvoker$EmptyActivity }, activity=androidx.test.core.app.InstrumentationActivityInvoker$EmptyActivity@ed0b82d
02-21 14:38:08.223   528  1569 W InputReader: Device virtio_input_multi_touch_9 is associated with display ADISPLAY_ID_NONE.
02-21 14:38:08.223   528  1569 W InputReader: Device virtio_input_multi_touch_7 is associated with display ADISPLAY_ID_NONE.
02-21 14:38:08.224   528  1569 W InputReader: Device virtio_input_multi_touch_6 is associated with display ADISPLAY_ID_NONE.
02-21 14:38:08.224   528  1569 W InputReader: Device virtio_input_multi_touch_3 is associated with display ADISPLAY_ID_NONE.
02-21 14:38:08.224   528  1569 W InputReader: Device virtio_input_multi_touch_10 is associated with display ADISPLAY_ID_NONE.
02-21 14:38:08.224   528  1569 W InputReader: Device virtio_input_multi_touch_8 is associated with display ADISPLAY_ID_NONE.
02-21 14:38:08.224   528  1569 W InputReader: Device virtio_input_multi_touch_4 is associated with display ADISPLAY_ID_NONE.
02-21 14:38:08.224   528  1569 W InputReader: Device virtio_input_multi_touch_11 is associated with display ADISPLAY_ID_NONE.
02-21 14:38:08.224   528  1569 W InputReader: Device virtio_input_multi_touch_5 is associated with display ADISPLAY_ID_NONE.
02-21 14:38:08.224   528  1569 W InputReader: Device virtio_input_multi_touch_2 is associated with display ADISPLAY_ID_NONE.
02-21 14:38:08.224   528  1569 W InputReader: Device virtio_input_multi_touch_9 is associated with display ADISPLAY_ID_NONE.
02-21 14:38:08.224   528  1569 W InputReader: Device virtio_input_multi_touch_7 is associated with display ADISPLAY_ID_NONE.
02-21 14:38:08.224   528  1569 W InputReader: Device virtio_input_multi_touch_6 is associated with display ADISPLAY_ID_NONE.
02-21 14:38:08.224   528  1569 W InputReader: Device virtio_input_multi_touch_3 is associated with display ADISPLAY_ID_NONE.
02-21 14:38:08.224   528  1569 W InputReader: Device virtio_input_multi_touch_10 is associated with display ADISPLAY_ID_NONE.
02-21 14:38:08.224   528  1569 W InputReader: Device virtio_input_multi_touch_8 is associated with display ADISPLAY_ID_NONE.
02-21 14:38:08.224   528  1569 W InputReader: Device virtio_input_multi_touch_4 is associated with display ADISPLAY_ID_NONE.
02-21 14:38:08.224   528  1569 W InputReader: Device virtio_input_multi_touch_11 is associated with display ADISPLAY_ID_NONE.
02-21 14:38:08.224   528  1569 W InputReader: Device virtio_input_multi_touch_5 is associated with display ADISPLAY_ID_NONE.
02-21 14:38:08.224   528  1569 W InputReader: Device virtio_input_multi_touch_2 is associated with display ADISPLAY_ID_NONE.
02-21 14:38:08.226 13566 13566 D LifecycleMonitor: Lifecycle status change: androidx.test.core.app.InstrumentationActivityInvoker$BootstrapActivity@480ec69 in: DESTROYED
02-21 14:38:08.226 13566 13566 V ActivityScenario: Activity lifecycle changed event received but ignored because the intent does not match. startActivityIntent=Intent { act=android.intent.action.MAIN cat=[android.intent.category.LAUNCHER] cmp=com.example.dogglers/.HorizontalListActivity }, activity.getIntent()=Intent { act=android.intent.action.MAIN cat=[android.intent.category.LAUNCHER] flg=0x10008000 cmp=com.example.dogglers/androidx.test.core.app.InstrumentationActivityInvoker$BootstrapActivity (has extras) }, activity=androidx.test.core.app.InstrumentationActivityInvoker$BootstrapActivity@480ec69
02-21 14:38:08.227 13566 13566 D LifecycleMonitor: Lifecycle status change: androidx.test.core.app.InstrumentationActivityInvoker$EmptyActivity@7862c6e in: PRE_ON_CREATE
02-21 14:38:08.227 13566 13566 V ActivityScenario: Activity lifecycle changed event received but ignored because the intent does not match. startActivityIntent=Intent { act=android.intent.action.MAIN cat=[android.intent.category.LAUNCHER] cmp=com.example.dogglers/.HorizontalListActivity }, activity.getIntent()=Intent { act=android.intent.action.MAIN cat=[android.intent.category.LAUNCHER] flg=0x10000000 cmp=com.example.dogglers/androidx.test.core.app.InstrumentationActivityInvoker$EmptyActivity }, activity=androidx.test.core.app.InstrumentationActivityInvoker$EmptyActivity@7862c6e
02-21 14:38:08.229 13566 13566 D LifecycleMonitor: Lifecycle status change: androidx.test.core.app.InstrumentationActivityInvoker$EmptyActivity@7862c6e in: CREATED
02-21 14:38:08.229 13566 13566 V ActivityScenario: Activity lifecycle changed event received but ignored because the intent does not match. startActivityIntent=Intent { act=android.intent.action.MAIN cat=[android.intent.category.LAUNCHER] cmp=com.example.dogglers/.HorizontalListActivity }, activity.getIntent()=Intent { act=android.intent.action.MAIN cat=[android.intent.category.LAUNCHER] flg=0x10000000 cmp=com.example.dogglers/androidx.test.core.app.InstrumentationActivityInvoker$EmptyActivity }, activity=androidx.test.core.app.InstrumentationActivityInvoker$EmptyActivity@7862c6e
02-21 14:38:08.229 13566 13566 D LifecycleMonitor: Lifecycle status change: androidx.test.core.app.InstrumentationActivityInvoker$EmptyActivity@7862c6e in: STARTED
02-21 14:38:08.229 13566 13566 V ActivityScenario: Activity lifecycle changed event received but ignored because the intent does not match. startActivityIntent=Intent { act=android.intent.action.MAIN cat=[android.intent.category.LAUNCHER] cmp=com.example.dogglers/.HorizontalListActivity }, activity.getIntent()=Intent { act=android.intent.action.MAIN cat=[android.intent.category.LAUNCHER] flg=0x10000000 cmp=com.example.dogglers/androidx.test.core.app.InstrumentationActivityInvoker$EmptyActivity }, activity=androidx.test.core.app.InstrumentationActivityInvoker$EmptyActivity@7862c6e
02-21 14:38:08.230 13566 13566 D LifecycleMonitor: Lifecycle status change: androidx.test.core.app.InstrumentationActivityInvoker$EmptyActivity@7862c6e in: RESUMED
02-21 14:38:08.230 13566 13566 V ActivityScenario: Activity lifecycle changed event received but ignored because the intent does not match. startActivityIntent=Intent { act=android.intent.action.MAIN cat=[android.intent.category.LAUNCHER] cmp=com.example.dogglers/.HorizontalListActivity }, activity.getIntent()=Intent { act=android.intent.action.MAIN cat=[android.intent.category.LAUNCHER] flg=0x10000000 cmp=com.example.dogglers/androidx.test.core.app.InstrumentationActivityInvoker$EmptyActivity }, activity=androidx.test.core.app.InstrumentationActivityInvoker$EmptyActivity@7862c6e
02-21 14:38:08.237   307 12313 D goldfish-address-space: claimShared: Ask to claim region [0x3ed209000 0x3edb6e000]
02-21 14:38:08.238   307 12313 D goldfish-address-space: claimShared: Ask to claim region [0x3f29ce000 0x3f3333000]
02-21 14:38:08.238   307 12313 D goldfish-address-space: claimShared: Ask to claim region [0x3f4ae4000 0x3f5449000]
02-21 14:38:08.241   528   551 I ActivityTaskManager: Displayed com.example.dogglers/androidx.test.core.app.InstrumentationActivityInvoker$EmptyActivity: +31ms
02-21 14:38:08.252   307 12313 D goldfish-address-space: claimShared: Ask to claim region [0x3f5a4c000 0x3f604f000]
02-21 14:38:08.256   528  8272 D HostConnection: HostConnection::get() New Host Connection established 0xaa263b70, tid 8272
02-21 14:38:08.262   528  8272 D HostConnection: HostComposition ext ANDROID_EMU_CHECKSUM_HELPER_v1 ANDROID_EMU_native_sync_v2 ANDROID_EMU_native_sync_v3 ANDROID_EMU_native_sync_v4 ANDROID_EMU_dma_v1 ANDROID_EMU_direct_mem ANDROID_EMU_vulkan ANDROID_EMU_deferred_vulkan_commands ANDROID_EMU_vulkan_null_optional_strings ANDROID_EMU_vulkan_create_resources_with_requirements ANDROID_EMU_YUV_Cache ANDROID_EMU_vulkan_ignored_handles ANDROID_EMU_has_shared_slots_host_memory_allocator ANDROID_EMU_vulkan_free_memory_sync ANDROID_EMU_vulkan_shader_float16_int8 ANDROID_EMU_vulkan_async_queue_submit ANDROID_EMU_sync_buffer_data ANDROID_EMU_vulkan_async_qsri ANDROID_EMU_read_color_buffer_dma GL_OES_EGL_image_external_essl3 GL_OES_vertex_array_object GL_KHR_texture_compression_astc_ldr ANDROID_EMU_host_side_tracing ANDROID_EMU_gles_max_version_3_0
02-21 14:38:08.262   528  8272 W OpenGLRenderer: Failed to choose config with EGL_SWAP_BEHAVIOR_PRESERVED, retrying without...
02-21 14:38:08.262   528  8272 D EGL_emulation: eglCreateContext: 0xb1d4aa40: maj 3 min 0 rcv 3
02-21 14:38:08.263   528  8272 D EGL_emulation: eglMakeCurrent: 0xb1d4aa40: ver 3 0 (tinfo 0xadb84070) (first time)
02-21 14:38:08.269 13566 13566 D LifecycleMonitor: Lifecycle status change: androidx.test.core.app.InstrumentationActivityInvoker$EmptyActivity@ed0b82d in: STOPPED
02-21 14:38:08.269 13566 13566 V ActivityScenario: Activity lifecycle changed event received but ignored because the intent does not match. startActivityIntent=Intent { act=android.intent.action.MAIN cat=[android.intent.category.LAUNCHER] cmp=com.example.dogglers/.HorizontalListActivity }, activity.getIntent()=Intent { act=android.intent.action.MAIN cat=[android.intent.category.LAUNCHER] flg=0x10000000 cmp=com.example.dogglers/androidx.test.core.app.InstrumentationActivityInvoker$EmptyActivity }, activity=androidx.test.core.app.InstrumentationActivityInvoker$EmptyActivity@ed0b82d
02-21 14:38:08.270 13566 13566 D LifecycleMonitor: Lifecycle status change: androidx.test.core.app.InstrumentationActivityInvoker$EmptyActivity@ed0b82d in: DESTROYED
02-21 14:38:08.270 13566 13566 V ActivityScenario: Activity lifecycle changed event received but ignored because the intent does not match. startActivityIntent=Intent { act=android.intent.action.MAIN cat=[android.intent.category.LAUNCHER] cmp=com.example.dogglers/.HorizontalListActivity }, activity.getIntent()=Intent { act=android.intent.action.MAIN cat=[android.intent.category.LAUNCHER] flg=0x10000000 cmp=com.example.dogglers/androidx.test.core.app.InstrumentationActivityInvoker$EmptyActivity }, activity=androidx.test.core.app.InstrumentationActivityInvoker$EmptyActivity@ed0b82d
02-21 14:38:08.273 13566 13566 D LifecycleMonitor: Lifecycle status change: androidx.test.core.app.InstrumentationActivityInvoker$EmptyActivity@7862c6e in: PAUSED
02-21 14:38:08.273 13566 13566 V ActivityScenario: Activity lifecycle changed event received but ignored because the intent does not match. startActivityIntent=Intent { act=android.intent.action.MAIN cat=[android.intent.category.LAUNCHER] cmp=com.example.dogglers/.HorizontalListActivity }, activity.getIntent()=Intent { act=android.intent.action.MAIN cat=[android.intent.category.LAUNCHER] flg=0x10000000 cmp=com.example.dogglers/androidx.test.core.app.InstrumentationActivityInvoker$EmptyActivity }, activity=androidx.test.core.app.InstrumentationActivityInvoker$EmptyActivity@7862c6e
02-21 14:38:08.273   528  1569 W InputReader: Device virtio_input_multi_touch_9 is associated with display ADISPLAY_ID_NONE.
02-21 14:38:08.273   528  1569 W InputReader: Device virtio_input_multi_touch_7 is associated with display ADISPLAY_ID_NONE.
02-21 14:38:08.273   528  1569 W InputReader: Device virtio_input_multi_touch_6 is associated with display ADISPLAY_ID_NONE.
02-21 14:38:08.273   528  1569 W InputReader: Device virtio_input_multi_touch_3 is associated with display ADISPLAY_ID_NONE.
02-21 14:38:08.273   528  1569 W InputReader: Device virtio_input_multi_touch_10 is associated with display ADISPLAY_ID_NONE.
02-21 14:38:08.273   528  1569 W InputReader: Device virtio_input_multi_touch_8 is associated with display ADISPLAY_ID_NONE.
02-21 14:38:08.273   528  1569 W InputReader: Device virtio_input_multi_touch_4 is associated with display ADISPLAY_ID_NONE.
02-21 14:38:08.273   528  1569 W InputReader: Device virtio_input_multi_touch_11 is associated with display ADISPLAY_ID_NONE.
02-21 14:38:08.273   528  1569 W InputReader: Device virtio_input_multi_touch_5 is associated with display ADISPLAY_ID_NONE.
02-21 14:38:08.273   528  1569 W InputReader: Device virtio_input_multi_touch_2 is associated with display ADISPLAY_ID_NONE.
02-21 14:38:08.273   528  1569 W InputReader: Device virtio_input_multi_touch_9 is associated with display ADISPLAY_ID_NONE.
02-21 14:38:08.273   528  1569 W InputReader: Device virtio_input_multi_touch_7 is associated with display ADISPLAY_ID_NONE.
02-21 14:38:08.273   528  1569 W InputReader: Device virtio_input_multi_touch_6 is associated with display ADISPLAY_ID_NONE.
02-21 14:38:08.273   528  1569 W InputReader: Device virtio_input_multi_touch_3 is associated with display ADISPLAY_ID_NONE.
02-21 14:38:08.273   528  1569 W InputReader: Device virtio_input_multi_touch_10 is associated with display ADISPLAY_ID_NONE.
02-21 14:38:08.273   528  1569 W InputReader: Device virtio_input_multi_touch_8 is associated with display ADISPLAY_ID_NONE.
02-21 14:38:08.273   528  1569 W InputReader: Device virtio_input_multi_touch_4 is associated with display ADISPLAY_ID_NONE.
02-21 14:38:08.273   528  1569 W InputReader: Device virtio_input_multi_touch_11 is associated with display ADISPLAY_ID_NONE.
02-21 14:38:08.273   528  1569 W InputReader: Device virtio_input_multi_touch_5 is associated with display ADISPLAY_ID_NONE.
02-21 14:38:08.273   528  1569 W InputReader: Device virtio_input_multi_touch_2 is associated with display ADISPLAY_ID_NONE.
02-21 14:38:08.275 13566 13594 I TestRunner: finished: horizontal_scroll_content_at_first_position(com.example.dogglers.HorizontalListTests)
