02-21 14:38:11.316 13566 13594 I TestRunner: started: vertical_scroll_content_at_first_position(com.example.dogglers.VerticalListTests)
02-21 14:38:11.319 13566 13594 W Settings: Setting always_finish_activities has moved from android.provider.Settings.System to android.provider.Settings.Global, returning read-only value.
02-21 14:38:11.321   528   546 D EventSequenceValidator: inc AccIntentStartedEvents to 2
02-21 14:38:11.325   528  2317 W InputReader: Device virtio_input_multi_touch_9 is associated with display ADISPLAY_ID_NONE.
02-21 14:38:11.325   528  2317 W InputReader: Device virtio_input_multi_touch_7 is associated with display ADISPLAY_ID_NONE.
02-21 14:38:11.325   528  2317 W InputReader: Device virtio_input_multi_touch_6 is associated with display ADISPLAY_ID_NONE.
02-21 14:38:11.325   528  2317 W InputReader: Device virtio_input_multi_touch_3 is associated with display ADISPLAY_ID_NONE.
02-21 14:38:11.325   528  2317 W InputReader: Device virtio_input_multi_touch_10 is associated with display ADISPLAY_ID_NONE.
02-21 14:38:11.325   528  2317 W InputReader: Device virtio_input_multi_touch_8 is associated with display ADISPLAY_ID_NONE.
02-21 14:38:11.325   528  2317 W InputReader: Device virtio_input_multi_touch_4 is associated with display ADISPLAY_ID_NONE.
02-21 14:38:11.325   528  2317 W InputReader: Device virtio_input_multi_touch_11 is associated with display ADISPLAY_ID_NONE.
02-21 14:38:11.325   528  2317 W InputReader: Device virtio_input_multi_touch_5 is associated with display ADISPLAY_ID_NONE.
02-21 14:38:11.325   528  2317 W InputReader: Device virtio_input_multi_touch_2 is associated with display ADISPLAY_ID_NONE.
02-21 14:38:11.326   528  2317 W InputReader: Device virtio_input_multi_touch_9 is associated with display ADISPLAY_ID_NONE.
02-21 14:38:11.326   528  2317 W InputReader: Device virtio_input_multi_touch_7 is associated with display ADISPLAY_ID_NONE.
02-21 14:38:11.326   528  2317 W InputReader: Device virtio_input_multi_touch_6 is associated with display ADISPLAY_ID_NONE.
02-21 14:38:11.326   528  2317 W InputReader: Device virtio_input_multi_touch_3 is associated with display ADISPLAY_ID_NONE.
02-21 14:38:11.326   528  2317 W InputReader: Device virtio_input_multi_touch_10 is associated with display ADISPLAY_ID_NONE.
02-21 14:38:11.326   528  2317 W InputReader: Device virtio_input_multi_touch_8 is associated with display ADISPLAY_ID_NONE.
02-21 14:38:11.326   528  2317 W InputReader: Device virtio_input_multi_touch_4 is associated with display ADISPLAY_ID_NONE.
02-21 14:38:11.326   528  2317 W InputReader: Device virtio_input_multi_touch_11 is associated with display ADISPLAY_ID_NONE.
02-21 14:38:11.326   528  2317 W InputReader: Device virtio_input_multi_touch_5 is associated with display ADISPLAY_ID_NONE.
02-21 14:38:11.326   528  2317 W InputReader: Device virtio_input_multi_touch_2 is associated with display ADISPLAY_ID_NONE.
02-21 14:38:11.328 13566 13566 D LifecycleMonitor: Lifecycle status change: androidx.test.core.app.InstrumentationActivityInvoker$BootstrapActivity@b158eb9 in: PRE_ON_CREATE
02-21 14:38:11.328 13566 13566 V ActivityScenario: Activity lifecycle changed event received but ignored because the intent does not match. startActivityIntent=Intent { act=android.intent.action.MAIN cat=[android.intent.category.LAUNCHER] cmp=com.example.dogglers/.VerticalListActivity }, activity.getIntent()=Intent { act=android.intent.action.MAIN cat=[android.intent.category.LAUNCHER] flg=0x10008000 cmp=com.example.dogglers/androidx.test.core.app.InstrumentationActivityInvoker$BootstrapActivity (has extras) }, activity=androidx.test.core.app.InstrumentationActivityInvoker$BootstrapActivity@b158eb9
02-21 14:38:11.330 13566 13566 D LifecycleMonitor: Lifecycle status change: androidx.test.core.app.InstrumentationActivityInvoker$BootstrapActivity@b158eb9 in: CREATED
02-21 14:38:11.330 13566 13566 V ActivityScenario: Activity lifecycle changed event received but ignored because the intent does not match. startActivityIntent=Intent { act=android.intent.action.MAIN cat=[android.intent.category.LAUNCHER] cmp=com.example.dogglers/.VerticalListActivity }, activity.getIntent()=Intent { act=android.intent.action.MAIN cat=[android.intent.category.LAUNCHER] flg=0x10008000 cmp=com.example.dogglers/androidx.test.core.app.InstrumentationActivityInvoker$BootstrapActivity (has extras) }, activity=androidx.test.core.app.InstrumentationActivityInvoker$BootstrapActivity@b158eb9
02-21 14:38:11.331 13566 13566 D LifecycleMonitor: Lifecycle status change: androidx.test.core.app.InstrumentationActivityInvoker$BootstrapActivity@b158eb9 in: STARTED
02-21 14:38:11.331 13566 13566 V ActivityScenario: Activity lifecycle changed event received but ignored because the intent does not match. startActivityIntent=Intent { act=android.intent.action.MAIN cat=[android.intent.category.LAUNCHER] cmp=com.example.dogglers/.VerticalListActivity }, activity.getIntent()=Intent { act=android.intent.action.MAIN cat=[android.intent.category.LAUNCHER] flg=0x10008000 cmp=com.example.dogglers/androidx.test.core.app.InstrumentationActivityInvoker$BootstrapActivity (has extras) }, activity=androidx.test.core.app.InstrumentationActivityInvoker$BootstrapActivity@b158eb9
02-21 14:38:11.332 13566 13566 D LifecycleMonitor: Lifecycle status change: androidx.test.core.app.InstrumentationActivityInvoker$BootstrapActivity@b158eb9 in: RESUMED
02-21 14:38:11.332 13566 13566 V ActivityScenario: Activity lifecycle changed event received but ignored because the intent does not match. startActivityIntent=Intent { act=android.intent.action.MAIN cat=[android.intent.category.LAUNCHER] cmp=com.example.dogglers/.VerticalListActivity }, activity.getIntent()=Intent { act=android.intent.action.MAIN cat=[android.intent.category.LAUNCHER] flg=0x10008000 cmp=com.example.dogglers/androidx.test.core.app.InstrumentationActivityInvoker$BootstrapActivity (has extras) }, activity=androidx.test.core.app.InstrumentationActivityInvoker$BootstrapActivity@b158eb9
02-21 14:38:11.332 13566 13566 D LifecycleMonitor: Lifecycle status change: androidx.test.core.app.InstrumentationActivityInvoker$BootstrapActivity@b158eb9 in: PAUSED
02-21 14:38:11.332 13566 13566 V ActivityScenario: Activity lifecycle changed event received but ignored because the intent does not match. startActivityIntent=Intent { act=android.intent.action.MAIN cat=[android.intent.category.LAUNCHER] cmp=com.example.dogglers/.VerticalListActivity }, activity.getIntent()=Intent { act=android.intent.action.MAIN cat=[android.intent.category.LAUNCHER] flg=0x10008000 cmp=com.example.dogglers/androidx.test.core.app.InstrumentationActivityInvoker$BootstrapActivity (has extras) }, activity=androidx.test.core.app.InstrumentationActivityInvoker$BootstrapActivity@b158eb9
02-21 14:38:11.333   528  2317 W InputReader: Device virtio_input_multi_touch_9 is associated with display ADISPLAY_ID_NONE.
02-21 14:38:11.333   528  2317 W InputReader: Device virtio_input_multi_touch_7 is associated with display ADISPLAY_ID_NONE.
02-21 14:38:11.333   528  2317 W InputReader: Device virtio_input_multi_touch_6 is associated with display ADISPLAY_ID_NONE.
02-21 14:38:11.333   528  2317 W InputReader: Device virtio_input_multi_touch_3 is associated with display ADISPLAY_ID_NONE.
02-21 14:38:11.333   528  2317 W InputReader: Device virtio_input_multi_touch_10 is associated with display ADISPLAY_ID_NONE.
02-21 14:38:11.333   528  2317 W InputReader: Device virtio_input_multi_touch_8 is associated with display ADISPLAY_ID_NONE.
02-21 14:38:11.333   528  2317 W InputReader: Device virtio_input_multi_touch_4 is associated with display ADISPLAY_ID_NONE.
02-21 14:38:11.333   528  2317 W InputReader: Device virtio_input_multi_touch_11 is associated with display ADISPLAY_ID_NONE.
02-21 14:38:11.333   528  2317 W InputReader: Device virtio_input_multi_touch_5 is associated with display ADISPLAY_ID_NONE.
02-21 14:38:11.333   528  2317 W InputReader: Device virtio_input_multi_touch_2 is associated with display ADISPLAY_ID_NONE.
02-21 14:38:11.333   528  2317 W InputReader: Device virtio_input_multi_touch_9 is associated with display ADISPLAY_ID_NONE.
02-21 14:38:11.333   528  2317 W InputReader: Device virtio_input_multi_touch_7 is associated with display ADISPLAY_ID_NONE.
02-21 14:38:11.333   528  2317 W InputReader: Device virtio_input_multi_touch_6 is associated with display ADISPLAY_ID_NONE.
02-21 14:38:11.333   528  2317 W InputReader: Device virtio_input_multi_touch_3 is associated with display ADISPLAY_ID_NONE.
02-21 14:38:11.333   528  2317 W InputReader: Device virtio_input_multi_touch_10 is associated with display ADISPLAY_ID_NONE.
02-21 14:38:11.333   528  2317 W InputReader: Device virtio_input_multi_touch_8 is associated with display ADISPLAY_ID_NONE.
02-21 14:38:11.333   528  2317 W InputReader: Device virtio_input_multi_touch_4 is associated with display ADISPLAY_ID_NONE.
02-21 14:38:11.333   528  2317 W InputReader: Device virtio_input_multi_touch_11 is associated with display ADISPLAY_ID_NONE.
02-21 14:38:11.333   528  2317 W InputReader: Device virtio_input_multi_touch_5 is associated with display ADISPLAY_ID_NONE.
02-21 14:38:11.333   528  2317 W InputReader: Device virtio_input_multi_touch_2 is associated with display ADISPLAY_ID_NONE.
02-21 14:38:11.336   307 12313 D goldfish-address-space: claimShared: Ask to claim region [0x3eaef9000 0x3eb85e000]
02-21 14:38:11.336 13566 13566 D LifecycleMonitor: Lifecycle status change: com.example.dogglers.VerticalListActivity@f93cd7b in: PRE_ON_CREATE
02-21 14:38:11.336 13566 13566 V ActivityScenario: Activity lifecycle changed event received but ignored because the reported transition was not ON_CREATE while the last known transition was PRE_ON_CREATE
02-21 14:38:11.345 13566 13566 D LifecycleMonitor: Lifecycle status change: com.example.dogglers.VerticalListActivity@f93cd7b in: CREATED
02-21 14:38:11.345 13566 13566 V ActivityScenario: Update currentActivityStage to CREATED, currentActivity=com.example.dogglers.VerticalListActivity@f93cd7b
02-21 14:38:11.346 13566 13566 D LifecycleMonitor: Lifecycle status change: com.example.dogglers.VerticalListActivity@f93cd7b in: STARTED
02-21 14:38:11.346 13566 13566 V ActivityScenario: Update currentActivityStage to STARTED, currentActivity=com.example.dogglers.VerticalListActivity@f93cd7b
02-21 14:38:11.346 13566 13566 D LifecycleMonitor: Lifecycle status change: com.example.dogglers.VerticalListActivity@f93cd7b in: RESUMED
02-21 14:38:11.346 13566 13566 V ActivityScenario: Update currentActivityStage to RESUMED, currentActivity=com.example.dogglers.VerticalListActivity@f93cd7b
02-21 14:38:11.372   307 12313 D goldfish-address-space: claimShared: Ask to claim region [0x3e92ca000 0x3e9c2f000]
02-21 14:38:11.374   307 12313 D goldfish-address-space: claimShared: Ask to claim region [0x3e9c2f000 0x3ea594000]
02-21 14:38:11.374   307 12313 D goldfish-address-space: claimShared: Ask to claim region [0x3fa774000 0x3fb0d9000]
02-21 14:38:11.391   528   551 D ArtManagerInternalImpl: /data/misc/iorapd/com.example.dogglers/1/com.example.dogglers.VerticalListActivity/compiled_traces/compiled_trace.pb doesn't exist
02-21 14:38:11.392   528   551 I ActivityTaskManager: Displayed com.example.dogglers/.VerticalListActivity: +69ms
02-21 14:38:11.392   528   546 D EventSequenceValidator: dec AccIntentStartedEvents to 1
02-21 14:38:11.396 13566 13566 D RootViewPicker: Root not ready - waiting: 10ms for one to appear.
02-21 14:38:11.397 13566 13566 D LifecycleMonitor: Lifecycle status change: androidx.test.core.app.InstrumentationActivityInvoker$BootstrapActivity@b158eb9 in: STOPPED
02-21 14:38:11.397 13566 13566 V ActivityScenario: Activity lifecycle changed event received but ignored because the intent does not match. startActivityIntent=Intent { act=android.intent.action.MAIN cat=[android.intent.category.LAUNCHER] cmp=com.example.dogglers/.VerticalListActivity }, activity.getIntent()=Intent { act=android.intent.action.MAIN cat=[android.intent.category.LAUNCHER] flg=0x10008000 cmp=com.example.dogglers/androidx.test.core.app.InstrumentationActivityInvoker$BootstrapActivity (has extras) }, activity=androidx.test.core.app.InstrumentationActivityInvoker$BootstrapActivity@b158eb9
02-21 14:38:11.399  1301  1353 I PeriodicStatsRunner: PeriodicStatsRunner.call():180 call()
02-21 14:38:11.399  1301  1353 I PeriodicStatsRunner: PeriodicStatsRunner.call():184 No submit PeriodicStats since input started.
02-21 14:38:11.405 25718 10531 I PBSessionCacheImpl: (REDACTED) Deleted sessionId[%d] from persistence.
02-21 14:38:11.407 25718 25806 W SearchServiceCore: Abort, client detached.
02-21 14:38:11.421 13566 13566 I ViewInteraction: Checking 'MatchesViewAssertion{viewMatcher=(view has effective visibility <VISIBLE> and view.getGlobalVisibleRect() to return non-empty rectangle)}' assertion on view an instance of android.widget.TextView and view.getText() with or without transformation to match: is "Tzeitel"
02-21 14:38:11.421 13566 13566 I ViewInteraction: Checking 'MatchesViewAssertion{viewMatcher=(view has effective visibility <VISIBLE> and view.getGlobalVisibleRect() to return non-empty rectangle)}' assertion on view an instance of android.widget.TextView and view.getText() with or without transformation to match: is "Age: 7"
02-21 14:38:11.422 13566 13566 I ViewInteraction: Checking 'MatchesViewAssertion{viewMatcher=(view has effective visibility <VISIBLE> and view.getGlobalVisibleRect() to return non-empty rectangle)}' assertion on view an instance of android.widget.TextView and view.getText() with or without transformation to match: is "Hobbies: sunbathing"
02-21 14:38:11.527 13566 13566 I ViewInteraction: Checking 'MatchesViewAssertion{viewMatcher=(view has effective visibility <VISIBLE> and view.getGlobalVisibleRect() to return non-empty rectangle)}' assertion on view has drawable resource 2131165345
02-21 14:38:11.530   528   546 D EventSequenceValidator: inc AccIntentStartedEvents to 2
02-21 14:38:11.532   528   546 D EventSequenceValidator: dec AccIntentStartedEvents to 1
02-21 14:38:11.532 13566 13566 D LifecycleMonitor: Lifecycle status change: com.example.dogglers.VerticalListActivity@f93cd7b in: PAUSED
02-21 14:38:11.532 13566 13566 V ActivityScenario: Update currentActivityStage to PAUSED, currentActivity=com.example.dogglers.VerticalListActivity@f93cd7b
02-21 14:38:11.533   528  2317 W InputReader: Device virtio_input_multi_touch_9 is associated with display ADISPLAY_ID_NONE.
02-21 14:38:11.533   528  2317 W InputReader: Device virtio_input_multi_touch_7 is associated with display ADISPLAY_ID_NONE.
02-21 14:38:11.533   528  2317 W InputReader: Device virtio_input_multi_touch_6 is associated with display ADISPLAY_ID_NONE.
02-21 14:38:11.533   528  2317 W InputReader: Device virtio_input_multi_touch_3 is associated with display ADISPLAY_ID_NONE.
02-21 14:38:11.533   528  2317 W InputReader: Device virtio_input_multi_touch_10 is associated with display ADISPLAY_ID_NONE.
02-21 14:38:11.533   528  2317 W InputReader: Device virtio_input_multi_touch_8 is associated with display ADISPLAY_ID_NONE.
02-21 14:38:11.533   528  2317 W InputReader: Device virtio_input_multi_touch_4 is associated with display ADISPLAY_ID_NONE.
02-21 14:38:11.533   528  2317 W InputReader: Device virtio_input_multi_touch_11 is associated with display ADISPLAY_ID_NONE.
02-21 14:38:11.533   528  2317 W InputReader: Device virtio_input_multi_touch_5 is associated with display ADISPLAY_ID_NONE.
02-21 14:38:11.533   528  2317 W InputReader: Device virtio_input_multi_touch_2 is associated with display ADISPLAY_ID_NONE.
02-21 14:38:11.533   528  2317 W InputReader: Device virtio_input_multi_touch_9 is associated with display ADISPLAY_ID_NONE.
02-21 14:38:11.533   528  2317 W InputReader: Device virtio_input_multi_touch_7 is associated with display ADISPLAY_ID_NONE.
02-21 14:38:11.533   528  2317 W InputReader: Device virtio_input_multi_touch_6 is associated with display ADISPLAY_ID_NONE.
02-21 14:38:11.533   528  2317 W InputReader: Device virtio_input_multi_touch_3 is associated with display ADISPLAY_ID_NONE.
02-21 14:38:11.533   528  2317 W InputReader: Device virtio_input_multi_touch_10 is associated with display ADISPLAY_ID_NONE.
02-21 14:38:11.533   528  2317 W InputReader: Device virtio_input_multi_touch_8 is associated with display ADISPLAY_ID_NONE.
02-21 14:38:11.533   528  2317 W InputReader: Device virtio_input_multi_touch_4 is associated with display ADISPLAY_ID_NONE.
02-21 14:38:11.533   528  2317 W InputReader: Device virtio_input_multi_touch_11 is associated with display ADISPLAY_ID_NONE.
02-21 14:38:11.533   528  2317 W InputReader: Device virtio_input_multi_touch_5 is associated with display ADISPLAY_ID_NONE.
02-21 14:38:11.533   528  2317 W InputReader: Device virtio_input_multi_touch_2 is associated with display ADISPLAY_ID_NONE.
02-21 14:38:11.536 13566 13566 D LifecycleMonitor: Lifecycle status change: androidx.test.core.app.InstrumentationActivityInvoker$EmptyActivity@f939b2b in: PRE_ON_CREATE
02-21 14:38:11.536 13566 13566 V ActivityScenario: Activity lifecycle changed event received but ignored because the intent does not match. startActivityIntent=Intent { act=android.intent.action.MAIN cat=[android.intent.category.LAUNCHER] cmp=com.example.dogglers/.VerticalListActivity }, activity.getIntent()=Intent { act=android.intent.action.MAIN cat=[android.intent.category.LAUNCHER] flg=0x10000000 cmp=com.example.dogglers/androidx.test.core.app.InstrumentationActivityInvoker$EmptyActivity }, activity=androidx.test.core.app.InstrumentationActivityInvoker$EmptyActivity@f939b2b
02-21 14:38:11.538 13566 13566 D LifecycleMonitor: Lifecycle status change: androidx.test.core.app.InstrumentationActivityInvoker$EmptyActivity@f939b2b in: CREATED
02-21 14:38:11.538 13566 13566 V ActivityScenario: Activity lifecycle changed event received but ignored because the intent does not match. startActivityIntent=Intent { act=android.intent.action.MAIN cat=[android.intent.category.LAUNCHER] cmp=com.example.dogglers/.VerticalListActivity }, activity.getIntent()=Intent { act=android.intent.action.MAIN cat=[android.intent.category.LAUNCHER] flg=0x10000000 cmp=com.example.dogglers/androidx.test.core.app.InstrumentationActivityInvoker$EmptyActivity }, activity=androidx.test.core.app.InstrumentationActivityInvoker$EmptyActivity@f939b2b
02-21 14:38:11.539 13566 13566 D LifecycleMonitor: Lifecycle status change: androidx.test.core.app.InstrumentationActivityInvoker$EmptyActivity@f939b2b in: STARTED
02-21 14:38:11.539 13566 13566 V ActivityScenario: Activity lifecycle changed event received but ignored because the intent does not match. startActivityIntent=Intent { act=android.intent.action.MAIN cat=[android.intent.category.LAUNCHER] cmp=com.example.dogglers/.VerticalListActivity }, activity.getIntent()=Intent { act=android.intent.action.MAIN cat=[android.intent.category.LAUNCHER] flg=0x10000000 cmp=com.example.dogglers/androidx.test.core.app.InstrumentationActivityInvoker$EmptyActivity }, activity=androidx.test.core.app.InstrumentationActivityInvoker$EmptyActivity@f939b2b
02-21 14:38:11.540 13566 13566 D LifecycleMonitor: Lifecycle status change: androidx.test.core.app.InstrumentationActivityInvoker$EmptyActivity@f939b2b in: RESUMED
02-21 14:38:11.540 13566 13566 V ActivityScenario: Activity lifecycle changed event received but ignored because the intent does not match. startActivityIntent=Intent { act=android.intent.action.MAIN cat=[android.intent.category.LAUNCHER] cmp=com.example.dogglers/.VerticalListActivity }, activity.getIntent()=Intent { act=android.intent.action.MAIN cat=[android.intent.category.LAUNCHER] flg=0x10000000 cmp=com.example.dogglers/androidx.test.core.app.InstrumentationActivityInvoker$EmptyActivity }, activity=androidx.test.core.app.InstrumentationActivityInvoker$EmptyActivity@f939b2b
02-21 14:38:11.554   307 12313 D goldfish-address-space: claimShared: Ask to claim region [0x3ea594000 0x3eaef9000]
02-21 14:38:11.556   307 12313 D goldfish-address-space: claimShared: Ask to claim region [0x3e8000000 0x3e8965000]
02-21 14:38:11.556   307 12313 D goldfish-address-space: claimShared: Ask to claim region [0x3e8965000 0x3e92ca000]
02-21 14:38:11.559   528   551 I ActivityTaskManager: Displayed com.example.dogglers/androidx.test.core.app.InstrumentationActivityInvoker$EmptyActivity: +29ms
02-21 14:38:11.561   528   546 D EventSequenceValidator: inc AccIntentStartedEvents to 2
02-21 14:38:11.562   528   546 D EventSequenceValidator: dec AccIntentStartedEvents to 1
02-21 14:38:11.568 13566 13566 D LifecycleMonitor: Lifecycle status change: com.example.dogglers.VerticalListActivity@f93cd7b in: STOPPED
02-21 14:38:11.568 13566 13566 V ActivityScenario: Update currentActivityStage to STOPPED, currentActivity=com.example.dogglers.VerticalListActivity@f93cd7b
02-21 14:38:11.569 13566 13566 D LifecycleMonitor: Lifecycle status change: com.example.dogglers.VerticalListActivity@f93cd7b in: DESTROYED
02-21 14:38:11.569 13566 13566 V ActivityScenario: Update currentActivityStage to DESTROYED, currentActivity=null
02-21 14:38:11.572 13566 13566 D LifecycleMonitor: Lifecycle status change: androidx.test.core.app.InstrumentationActivityInvoker$EmptyActivity@f939b2b in: PAUSED
02-21 14:38:11.572 13566 13566 V ActivityScenario: Activity lifecycle changed event received but ignored because the intent does not match. startActivityIntent=Intent { act=android.intent.action.MAIN cat=[android.intent.category.LAUNCHER] cmp=com.example.dogglers/.VerticalListActivity }, activity.getIntent()=Intent { act=android.intent.action.MAIN cat=[android.intent.category.LAUNCHER] flg=0x10000000 cmp=com.example.dogglers/androidx.test.core.app.InstrumentationActivityInvoker$EmptyActivity }, activity=androidx.test.core.app.InstrumentationActivityInvoker$EmptyActivity@f939b2b
02-21 14:38:11.572   528   577 W InputReader: Device virtio_input_multi_touch_9 is associated with display ADISPLAY_ID_NONE.
02-21 14:38:11.572   528   577 W InputReader: Device virtio_input_multi_touch_7 is associated with display ADISPLAY_ID_NONE.
02-21 14:38:11.572   528   577 W InputReader: Device virtio_input_multi_touch_6 is associated with display ADISPLAY_ID_NONE.
02-21 14:38:11.572   528   577 W InputReader: Device virtio_input_multi_touch_3 is associated with display ADISPLAY_ID_NONE.
02-21 14:38:11.572   528   577 W InputReader: Device virtio_input_multi_touch_10 is associated with display ADISPLAY_ID_NONE.
02-21 14:38:11.572   528   577 W InputReader: Device virtio_input_multi_touch_8 is associated with display ADISPLAY_ID_NONE.
02-21 14:38:11.572   528   577 W InputReader: Device virtio_input_multi_touch_4 is associated with display ADISPLAY_ID_NONE.
02-21 14:38:11.572   528   577 W InputReader: Device virtio_input_multi_touch_11 is associated with display ADISPLAY_ID_NONE.
02-21 14:38:11.572   528   577 W InputReader: Device virtio_input_multi_touch_5 is associated with display ADISPLAY_ID_NONE.
02-21 14:38:11.572   528   577 W InputReader: Device virtio_input_multi_touch_2 is associated with display ADISPLAY_ID_NONE.
02-21 14:38:11.572   528   577 W InputReader: Device virtio_input_multi_touch_9 is associated with display ADISPLAY_ID_NONE.
02-21 14:38:11.572   528   577 W InputReader: Device virtio_input_multi_touch_7 is associated with display ADISPLAY_ID_NONE.
02-21 14:38:11.572   528   577 W InputReader: Device virtio_input_multi_touch_6 is associated with display ADISPLAY_ID_NONE.
02-21 14:38:11.572   528   577 W InputReader: Device virtio_input_multi_touch_3 is associated with display ADISPLAY_ID_NONE.
02-21 14:38:11.572   528   577 W InputReader: Device virtio_input_multi_touch_10 is associated with display ADISPLAY_ID_NONE.
02-21 14:38:11.572   528   577 W InputReader: Device virtio_input_multi_touch_8 is associated with display ADISPLAY_ID_NONE.
02-21 14:38:11.572   528   577 W InputReader: Device virtio_input_multi_touch_4 is associated with display ADISPLAY_ID_NONE.
02-21 14:38:11.572   528   577 W InputReader: Device virtio_input_multi_touch_11 is associated with display ADISPLAY_ID_NONE.
02-21 14:38:11.572   528   577 W InputReader: Device virtio_input_multi_touch_5 is associated with display ADISPLAY_ID_NONE.
02-21 14:38:11.572   528   577 W InputReader: Device virtio_input_multi_touch_2 is associated with display ADISPLAY_ID_NONE.
02-21 14:38:11.574 13566 13566 D LifecycleMonitor: Lifecycle status change: androidx.test.core.app.InstrumentationActivityInvoker$BootstrapActivity@b158eb9 in: DESTROYED
02-21 14:38:11.574 13566 13566 V ActivityScenario: Activity lifecycle changed event received but ignored because the intent does not match. startActivityIntent=Intent { act=android.intent.action.MAIN cat=[android.intent.category.LAUNCHER] cmp=com.example.dogglers/.VerticalListActivity }, activity.getIntent()=Intent { act=android.intent.action.MAIN cat=[android.intent.category.LAUNCHER] flg=0x10008000 cmp=com.example.dogglers/androidx.test.core.app.InstrumentationActivityInvoker$BootstrapActivity (has extras) }, activity=androidx.test.core.app.InstrumentationActivityInvoker$BootstrapActivity@b158eb9
02-21 14:38:11.576 13566 13566 D LifecycleMonitor: Lifecycle status change: androidx.test.core.app.InstrumentationActivityInvoker$EmptyActivity@3d4932a in: PRE_ON_CREATE
02-21 14:38:11.576 13566 13566 V ActivityScenario: Activity lifecycle changed event received but ignored because the intent does not match. startActivityIntent=Intent { act=android.intent.action.MAIN cat=[android.intent.category.LAUNCHER] cmp=com.example.dogglers/.VerticalListActivity }, activity.getIntent()=Intent { act=android.intent.action.MAIN cat=[android.intent.category.LAUNCHER] flg=0x10000000 cmp=com.example.dogglers/androidx.test.core.app.InstrumentationActivityInvoker$EmptyActivity }, activity=androidx.test.core.app.InstrumentationActivityInvoker$EmptyActivity@3d4932a
02-21 14:38:11.577 13566 13566 D LifecycleMonitor: Lifecycle status change: androidx.test.core.app.InstrumentationActivityInvoker$EmptyActivity@3d4932a in: CREATED
02-21 14:38:11.577 13566 13566 V ActivityScenario: Activity lifecycle changed event received but ignored because the intent does not match. startActivityIntent=Intent { act=android.intent.action.MAIN cat=[android.intent.category.LAUNCHER] cmp=com.example.dogglers/.VerticalListActivity }, activity.getIntent()=Intent { act=android.intent.action.MAIN cat=[android.intent.category.LAUNCHER] flg=0x10000000 cmp=com.example.dogglers/androidx.test.core.app.InstrumentationActivityInvoker$EmptyActivity }, activity=androidx.test.core.app.InstrumentationActivityInvoker$EmptyActivity@3d4932a
02-21 14:38:11.578 13566 13566 D LifecycleMonitor: Lifecycle status change: androidx.test.core.app.InstrumentationActivityInvoker$EmptyActivity@3d4932a in: STARTED
02-21 14:38:11.578 13566 13566 V ActivityScenario: Activity lifecycle changed event received but ignored because the intent does not match. startActivityIntent=Intent { act=android.intent.action.MAIN cat=[android.intent.category.LAUNCHER] cmp=com.example.dogglers/.VerticalListActivity }, activity.getIntent()=Intent { act=android.intent.action.MAIN cat=[android.intent.category.LAUNCHER] flg=0x10000000 cmp=com.example.dogglers/androidx.test.core.app.InstrumentationActivityInvoker$EmptyActivity }, activity=androidx.test.core.app.InstrumentationActivityInvoker$EmptyActivity@3d4932a
02-21 14:38:11.578 13566 13566 D LifecycleMonitor: Lifecycle status change: androidx.test.core.app.InstrumentationActivityInvoker$EmptyActivity@3d4932a in: RESUMED
02-21 14:38:11.578 13566 13566 V ActivityScenario: Activity lifecycle changed event received but ignored because the intent does not match. startActivityIntent=Intent { act=android.intent.action.MAIN cat=[android.intent.category.LAUNCHER] cmp=com.example.dogglers/.VerticalListActivity }, activity.getIntent()=Intent { act=android.intent.action.MAIN cat=[android.intent.category.LAUNCHER] flg=0x10000000 cmp=com.example.dogglers/androidx.test.core.app.InstrumentationActivityInvoker$EmptyActivity }, activity=androidx.test.core.app.InstrumentationActivityInvoker$EmptyActivity@3d4932a
02-21 14:38:11.589   307 12313 D goldfish-address-space: claimShared: Ask to claim region [0x3eaef9000 0x3eb85e000]
02-21 14:38:11.590   307 12313 D goldfish-address-space: claimShared: Ask to claim region [0x3e92ca000 0x3e9c2f000]
02-21 14:38:11.590   307 12313 D goldfish-address-space: claimShared: Ask to claim region [0x3e9c2f000 0x3ea594000]
02-21 14:38:11.593   528   551 I ActivityTaskManager: Displayed com.example.dogglers/androidx.test.core.app.InstrumentationActivityInvoker$EmptyActivity: +31ms
02-21 14:38:11.602   307 12313 D goldfish-address-space: claimShared: Ask to claim region [0x3ed80c000 0x3ede0f000]
02-21 14:38:11.608   528  8272 D HostConnection: HostConnection::get() New Host Connection established 0xe8867df0, tid 8272
02-21 14:38:11.614   528  8272 D HostConnection: HostComposition ext ANDROID_EMU_CHECKSUM_HELPER_v1 ANDROID_EMU_native_sync_v2 ANDROID_EMU_native_sync_v3 ANDROID_EMU_native_sync_v4 ANDROID_EMU_dma_v1 ANDROID_EMU_direct_mem ANDROID_EMU_vulkan ANDROID_EMU_deferred_vulkan_commands ANDROID_EMU_vulkan_null_optional_strings ANDROID_EMU_vulkan_create_resources_with_requirements ANDROID_EMU_YUV_Cache ANDROID_EMU_vulkan_ignored_handles ANDROID_EMU_has_shared_slots_host_memory_allocator ANDROID_EMU_vulkan_free_memory_sync ANDROID_EMU_vulkan_shader_float16_int8 ANDROID_EMU_vulkan_async_queue_submit ANDROID_EMU_sync_buffer_data ANDROID_EMU_vulkan_async_qsri ANDROID_EMU_read_color_buffer_dma GL_OES_EGL_image_external_essl3 GL_OES_vertex_array_object GL_KHR_texture_compression_astc_ldr ANDROID_EMU_host_side_tracing ANDROID_EMU_gles_max_version_3_0
02-21 14:38:11.614   528  8272 W OpenGLRenderer: Failed to choose config with EGL_SWAP_BEHAVIOR_PRESERVED, retrying without...
02-21 14:38:11.614   528  8272 D EGL_emulation: eglCreateContext: 0xb1d477f0: maj 3 min 0 rcv 3
02-21 14:38:11.615   528  8272 D EGL_emulation: eglMakeCurrent: 0xb1d477f0: ver 3 0 (tinfo 0xadb84070) (first time)
02-21 14:38:11.625 13566 13566 D LifecycleMonitor: Lifecycle status change: androidx.test.core.app.InstrumentationActivityInvoker$EmptyActivity@f939b2b in: STOPPED
02-21 14:38:11.625 13566 13566 V ActivityScenario: Activity lifecycle changed event received but ignored because the intent does not match. startActivityIntent=Intent { act=android.intent.action.MAIN cat=[android.intent.category.LAUNCHER] cmp=com.example.dogglers/.VerticalListActivity }, activity.getIntent()=Intent { act=android.intent.action.MAIN cat=[android.intent.category.LAUNCHER] flg=0x10000000 cmp=com.example.dogglers/androidx.test.core.app.InstrumentationActivityInvoker$EmptyActivity }, activity=androidx.test.core.app.InstrumentationActivityInvoker$EmptyActivity@f939b2b
02-21 14:38:11.627 13566 13566 D LifecycleMonitor: Lifecycle status change: androidx.test.core.app.InstrumentationActivityInvoker$EmptyActivity@f939b2b in: DESTROYED
02-21 14:38:11.627 13566 13566 V ActivityScenario: Activity lifecycle changed event received but ignored because the intent does not match. startActivityIntent=Intent { act=android.intent.action.MAIN cat=[android.intent.category.LAUNCHER] cmp=com.example.dogglers/.VerticalListActivity }, activity.getIntent()=Intent { act=android.intent.action.MAIN cat=[android.intent.category.LAUNCHER] flg=0x10000000 cmp=com.example.dogglers/androidx.test.core.app.InstrumentationActivityInvoker$EmptyActivity }, activity=androidx.test.core.app.InstrumentationActivityInvoker$EmptyActivity@f939b2b
02-21 14:38:11.630 13566 13566 D LifecycleMonitor: Lifecycle status change: androidx.test.core.app.InstrumentationActivityInvoker$EmptyActivity@3d4932a in: PAUSED
02-21 14:38:11.630 13566 13566 V ActivityScenario: Activity lifecycle changed event received but ignored because the intent does not match. startActivityIntent=Intent { act=android.intent.action.MAIN cat=[android.intent.category.LAUNCHER] cmp=com.example.dogglers/.VerticalListActivity }, activity.getIntent()=Intent { act=android.intent.action.MAIN cat=[android.intent.category.LAUNCHER] flg=0x10000000 cmp=com.example.dogglers/androidx.test.core.app.InstrumentationActivityInvoker$EmptyActivity }, activity=androidx.test.core.app.InstrumentationActivityInvoker$EmptyActivity@3d4932a
02-21 14:38:11.631   528  2317 W InputReader: Device virtio_input_multi_touch_9 is associated with display ADISPLAY_ID_NONE.
02-21 14:38:11.631   528  2317 W InputReader: Device virtio_input_multi_touch_7 is associated with display ADISPLAY_ID_NONE.
02-21 14:38:11.631   528  2317 W InputReader: Device virtio_input_multi_touch_6 is associated with display ADISPLAY_ID_NONE.
02-21 14:38:11.631   528  2317 W InputReader: Device virtio_input_multi_touch_3 is associated with display ADISPLAY_ID_NONE.
02-21 14:38:11.631   528  2317 W InputReader: Device virtio_input_multi_touch_10 is associated with display ADISPLAY_ID_NONE.
02-21 14:38:11.631   528  2317 W InputReader: Device virtio_input_multi_touch_8 is associated with display ADISPLAY_ID_NONE.
02-21 14:38:11.631   528  2317 W InputReader: Device virtio_input_multi_touch_4 is associated with display ADISPLAY_ID_NONE.
02-21 14:38:11.631   528  2317 W InputReader: Device virtio_input_multi_touch_11 is associated with display ADISPLAY_ID_NONE.
02-21 14:38:11.631   528  2317 W InputReader: Device virtio_input_multi_touch_5 is associated with display ADISPLAY_ID_NONE.
02-21 14:38:11.631   528  2317 W InputReader: Device virtio_input_multi_touch_2 is associated with display ADISPLAY_ID_NONE.
02-21 14:38:11.631   528  2317 W InputReader: Device virtio_input_multi_touch_9 is associated with display ADISPLAY_ID_NONE.
02-21 14:38:11.631   528  2317 W InputReader: Device virtio_input_multi_touch_7 is associated with display ADISPLAY_ID_NONE.
02-21 14:38:11.631   528  2317 W InputReader: Device virtio_input_multi_touch_6 is associated with display ADISPLAY_ID_NONE.
02-21 14:38:11.631   528  2317 W InputReader: Device virtio_input_multi_touch_3 is associated with display ADISPLAY_ID_NONE.
02-21 14:38:11.631   528  2317 W InputReader: Device virtio_input_multi_touch_10 is associated with display ADISPLAY_ID_NONE.
02-21 14:38:11.631   528  2317 W InputReader: Device virtio_input_multi_touch_8 is associated with display ADISPLAY_ID_NONE.
02-21 14:38:11.631   528  2317 W InputReader: Device virtio_input_multi_touch_4 is associated with display ADISPLAY_ID_NONE.
02-21 14:38:11.631   528  2317 W InputReader: Device virtio_input_multi_touch_11 is associated with display ADISPLAY_ID_NONE.
02-21 14:38:11.631   528  2317 W InputReader: Device virtio_input_multi_touch_5 is associated with display ADISPLAY_ID_NONE.
02-21 14:38:11.631   528  2317 W InputReader: Device virtio_input_multi_touch_2 is associated with display ADISPLAY_ID_NONE.
02-21 14:38:11.632 13566 13594 I TestRunner: finished: vertical_scroll_content_at_first_position(com.example.dogglers.VerticalListTests)
